C:\BCA - PROJECT\NUTRIBITE\Controllers\ReportsController.cs(76,44): error CS1061: 'Payment' does not contain a definition for 'Status' and no accessible extension method 'Status' accepting a first argument of type 'Payment' could be found (are you missing a using directive or an assembly reference?) [C:\BCA - PROJECT\NUTRIBITE\NUTRIBITE.csproj]
C:\BCA - PROJECT\NUTRIBITE\Controllers\ReportsController.cs(82,58): error CS1061: 'Payment' does not contain a definition for 'Status' and no accessible extension method 'Status' accepting a first argument of type 'Payment' could be found (are you missing a using directive or an assembly reference?) [C:\BCA - PROJECT\NUTRIBITE\NUTRIBITE.csproj]
C:\BCA - PROJECT\NUTRIBITE\Controllers\ReportsController.cs(82,83): error CS1061: 'Payment' does not contain a definition for 'Status' and no accessible extension method 'Status' accepting a first argument of type 'Payment' could be found (are you missing a using directive or an assembly reference?) [C:\BCA - PROJECT\NUTRIBITE\NUTRIBITE.csproj]
C:\BCA - PROJECT\NUTRIBITE\Controllers\ReportsController.cs(83,57): error CS1061: 'Payment' does not contain a definition for 'Status' and no accessible extension method 'Status' accepting a first argument of type 'Payment' could be found (are you missing a using directive or an assembly reference?) [C:\BCA - PROJECT\NUTRIBITE\NUTRIBITE.csproj]
C:\BCA - PROJECT\NUTRIBITE\Controllers\ReportsController.cs(83,81): error CS1061: 'Payment' does not contain a definition for 'Status' and no accessible extension method 'Status' accepting a first argument of type 'Payment' could be found (are you missing a using directive or an assembly reference?) [C:\BCA - PROJECT\NUTRIBITE\NUTRIBITE.csproj]
C:\BCA - PROJECT\NUTRIBITE\Controllers\ReportsController.cs(84,59): error CS1061: 'Payment' does not contain a definition for 'Status' and no accessible extension method 'Status' accepting a first argument of type 'Payment' could be found (are you missing a using directive or an assembly reference?) [C:\BCA - PROJECT\NUTRIBITE\NUTRIBITE.csproj]
C:\BCA - PROJECT\NUTRIBITE\Controllers\ReportsController.cs(94,28): error CS1061: 'Payment' does not contain a definition for 'Method' and no accessible extension method 'Method' accepting a first argument of type 'Payment' could be found (are you missing a using directive or an assembly reference?) [C:\BCA - PROJECT\NUTRIBITE\NUTRIBITE.csproj]
C:\BCA - PROJECT\NUTRIBITE\Controllers\ReportsController.cs(96,28): error CS1061: 'Payment' does not contain a definition for 'Status' and no accessible extension method 'Status' accepting a first argument of type 'Payment' could be found (are you missing a using directive or an assembly reference?) [C:\BCA - PROJECT\NUTRIBITE\NUTRIBITE.csproj]
C:\BCA - PROJECT\NUTRIBITE\Views\Admin\VendorDetails.cshtml(195,55): error CS1061: 'Food' does not contain a definition for 'IsAvailable' and no accessible extension method 'IsAvailable' accepting a first argument of type 'Food' could be found (are you missing a using directive or an assembly reference?) [C:\BCA - PROJECT\NUTRIBITE\NUTRIBITE.csproj]

Build FAILED.
    160 Warning(s)
    9 Error(s)

Time Elapsed 00:00:02.84
